// Jest Snapshot v1, https://goo.gl/fbAQLP

exports[`Home page matches snapshot 1`] = `
<DocumentFragment>
  <div
    class="py-20"
  >
    <h1
      class="text-5xl text-center text-accent-1"
    >
      Next.js + TypeScript + TailwindCSS
    </h1>
  </div>
</DocumentFragment>
`;
